Archive member included to satisfy reference by file (symbol)

/usr/lib/gcc/arm-none-eabi/9.2.1/../../../arm-none-eabi/lib/thumb/v7e-m+fp/hard/libm.a(lib_a-sf_cos.o)
                              /workspace/nutekt-digital/Bells/build/obj/Bells.o (cosf)
/usr/lib/gcc/arm-none-eabi/9.2.1/../../../arm-none-eabi/lib/thumb/v7e-m+fp/hard/libm.a(lib_a-sf_tan.o)
                              /workspace/nutekt-digital/Bells/build/obj/Bells.o (tanf)
/usr/lib/gcc/arm-none-eabi/9.2.1/../../../arm-none-eabi/lib/thumb/v7e-m+fp/hard/libm.a(lib_a-ef_rem_pio2.o)
                              /usr/lib/gcc/arm-none-eabi/9.2.1/../../../arm-none-eabi/lib/thumb/v7e-m+fp/hard/libm.a(lib_a-sf_cos.o) (__ieee754_rem_pio2f)
/usr/lib/gcc/arm-none-eabi/9.2.1/../../../arm-none-eabi/lib/thumb/v7e-m+fp/hard/libm.a(lib_a-kf_cos.o)
                              /usr/lib/gcc/arm-none-eabi/9.2.1/../../../arm-none-eabi/lib/thumb/v7e-m+fp/hard/libm.a(lib_a-sf_cos.o) (__kernel_cosf)
/usr/lib/gcc/arm-none-eabi/9.2.1/../../../arm-none-eabi/lib/thumb/v7e-m+fp/hard/libm.a(lib_a-kf_rem_pio2.o)
                              /usr/lib/gcc/arm-none-eabi/9.2.1/../../../arm-none-eabi/lib/thumb/v7e-m+fp/hard/libm.a(lib_a-ef_rem_pio2.o) (__kernel_rem_pio2f)
/usr/lib/gcc/arm-none-eabi/9.2.1/../../../arm-none-eabi/lib/thumb/v7e-m+fp/hard/libm.a(lib_a-kf_sin.o)
                              /usr/lib/gcc/arm-none-eabi/9.2.1/../../../arm-none-eabi/lib/thumb/v7e-m+fp/hard/libm.a(lib_a-sf_cos.o) (__kernel_sinf)
/usr/lib/gcc/arm-none-eabi/9.2.1/../../../arm-none-eabi/lib/thumb/v7e-m+fp/hard/libm.a(lib_a-kf_tan.o)
                              /usr/lib/gcc/arm-none-eabi/9.2.1/../../../arm-none-eabi/lib/thumb/v7e-m+fp/hard/libm.a(lib_a-sf_tan.o) (__kernel_tanf)
/usr/lib/gcc/arm-none-eabi/9.2.1/../../../arm-none-eabi/lib/thumb/v7e-m+fp/hard/libm.a(lib_a-sf_fabs.o)
                              /usr/lib/gcc/arm-none-eabi/9.2.1/../../../arm-none-eabi/lib/thumb/v7e-m+fp/hard/libm.a(lib_a-ef_rem_pio2.o) (fabsf)
/usr/lib/gcc/arm-none-eabi/9.2.1/../../../arm-none-eabi/lib/thumb/v7e-m+fp/hard/libm.a(lib_a-sf_floor.o)
                              /usr/lib/gcc/arm-none-eabi/9.2.1/../../../arm-none-eabi/lib/thumb/v7e-m+fp/hard/libm.a(lib_a-kf_rem_pio2.o) (floorf)
/usr/lib/gcc/arm-none-eabi/9.2.1/../../../arm-none-eabi/lib/thumb/v7e-m+fp/hard/libm.a(lib_a-sf_scalbn.o)
                              /usr/lib/gcc/arm-none-eabi/9.2.1/../../../arm-none-eabi/lib/thumb/v7e-m+fp/hard/libm.a(lib_a-kf_rem_pio2.o) (scalbnf)

Memory Configuration

Name             Origin             Length             Attributes
SRAM             0x0000000020000000 0x0000000000008000 xr
*default*        0x0000000000000000 0xffffffffffffffff

Linker script and memory map

LOAD /workspace/nutekt-digital/Bells/build/obj/_unit.o
LOAD /workspace/nutekt-digital/Bells/build/obj/Bells.o

.hooks          0x0000000020000000       0x40
                0x0000000020000000                . = ALIGN (0x4)
                0x0000000020000000                _hooks_start = .
 *(.hooks)
 .hooks         0x0000000020000000       0x40 /workspace/nutekt-digital/Bells/build/obj/_unit.o
                0x0000000020000040                . = ALIGN (0x4)
                0x0000000020000040                _hooks_end = .

.init_array     0x0000000020000040        0x4
                0x0000000020000040                . = ALIGN (0x4)
                0x0000000020000040                PROVIDE (__init_array_start = .)
 *(SORT_BY_NAME(.init_array.*))
 *(.init_array*)
 .init_array    0x0000000020000040        0x4 /workspace/nutekt-digital/Bells/build/obj/Bells.o
                0x0000000020000044                . = ALIGN (0x4)
                0x0000000020000044                PROVIDE (__init_array_end = .)

.text           0x0000000020000044     0x14c0
                0x0000000020000044                . = ALIGN (0x4)
                0x0000000020000044                _text_start = .
 *(.text)
 .text          0x0000000020000044       0x5c /workspace/nutekt-digital/Bells/build/obj/_unit.o
                0x0000000020000048                _hook_value
                0x000000002000004c                _hook_mute
                0x0000000020000052                _entry
 .text          0x00000000200000a0      0x56c /workspace/nutekt-digital/Bells/build/obj/Bells.o
                0x00000000200000a0                _hook_init
                0x00000000200000bc                _hook_cycle
                0x0000000020000598                _hook_on
                0x000000002000059a                _hook_off
                0x000000002000059c                _hook_param
 .text          0x000000002000060c       0x90 /usr/lib/gcc/arm-none-eabi/9.2.1/../../../arm-none-eabi/lib/thumb/v7e-m+fp/hard/libm.a(lib_a-sf_cos.o)
                0x000000002000060c                cosf
 .text          0x000000002000069c       0x5c /usr/lib/gcc/arm-none-eabi/9.2.1/../../../arm-none-eabi/lib/thumb/v7e-m+fp/hard/libm.a(lib_a-sf_tan.o)
                0x000000002000069c                tanf
 .text          0x00000000200006f8      0x298 /usr/lib/gcc/arm-none-eabi/9.2.1/../../../arm-none-eabi/lib/thumb/v7e-m+fp/hard/libm.a(lib_a-ef_rem_pio2.o)
                0x00000000200006f8                __ieee754_rem_pio2f
 .text          0x0000000020000990      0x104 /usr/lib/gcc/arm-none-eabi/9.2.1/../../../arm-none-eabi/lib/thumb/v7e-m+fp/hard/libm.a(lib_a-kf_cos.o)
                0x0000000020000990                __kernel_cosf
 .text          0x0000000020000a94      0x664 /usr/lib/gcc/arm-none-eabi/9.2.1/../../../arm-none-eabi/lib/thumb/v7e-m+fp/hard/libm.a(lib_a-kf_rem_pio2.o)
                0x0000000020000a94                __kernel_rem_pio2f
 .text          0x00000000200010f8       0x90 /usr/lib/gcc/arm-none-eabi/9.2.1/../../../arm-none-eabi/lib/thumb/v7e-m+fp/hard/libm.a(lib_a-kf_sin.o)
                0x00000000200010f8                __kernel_sinf
 .text          0x0000000020001188      0x1c8 /usr/lib/gcc/arm-none-eabi/9.2.1/../../../arm-none-eabi/lib/thumb/v7e-m+fp/hard/libm.a(lib_a-kf_tan.o)
                0x0000000020001188                __kernel_tanf
 .text          0x0000000020001350       0x10 /usr/lib/gcc/arm-none-eabi/9.2.1/../../../arm-none-eabi/lib/thumb/v7e-m+fp/hard/libm.a(lib_a-sf_fabs.o)
                0x0000000020001350                fabsf
 .text          0x0000000020001360       0x88 /usr/lib/gcc/arm-none-eabi/9.2.1/../../../arm-none-eabi/lib/thumb/v7e-m+fp/hard/libm.a(lib_a-sf_floor.o)
                0x0000000020001360                floorf
 .text          0x00000000200013e8       0xe4 /usr/lib/gcc/arm-none-eabi/9.2.1/../../../arm-none-eabi/lib/thumb/v7e-m+fp/hard/libm.a(lib_a-sf_scalbn.o)
                0x00000000200013e8                scalbnf
 *(.text.*)
 .text.startup  0x00000000200014cc       0x38 /workspace/nutekt-digital/Bells/build/obj/Bells.o
 *(.glue_7)
 .glue_7        0x0000000020001504        0x0 linker stubs
 *(.glue_7t)
 .glue_7t       0x0000000020001504        0x0 linker stubs
 *(.gcc*)
                0x0000000020001504                . = ALIGN (0x4)
                0x0000000020001504                _text_end = .

.vfp11_veneer   0x0000000020001504        0x0
 .vfp11_veneer  0x0000000020001504        0x0 linker stubs

.v4_bx          0x0000000020001504        0x0
 .v4_bx         0x0000000020001504        0x0 linker stubs

.iplt           0x0000000020001504        0x0
 .iplt          0x0000000020001504        0x0 /workspace/nutekt-digital/Bells/build/obj/_unit.o

.rodata         0x0000000020001504      0x3d0
                0x0000000020001504                . = ALIGN (0x4)
                0x0000000020001504                _rodata_start = .
 *(.rodata)
 .rodata        0x0000000020001504      0x398 /usr/lib/gcc/arm-none-eabi/9.2.1/../../../arm-none-eabi/lib/thumb/v7e-m+fp/hard/libm.a(lib_a-ef_rem_pio2.o)
 .rodata        0x000000002000189c       0x38 /usr/lib/gcc/arm-none-eabi/9.2.1/../../../arm-none-eabi/lib/thumb/v7e-m+fp/hard/libm.a(lib_a-kf_rem_pio2.o)
 *(.rodata.*)
                0x00000000200018d4                . = ALIGN (0x4)
                0x00000000200018d4                _rodata_end = .

.rel.dyn        0x00000000200018d4        0x0
 .rel.iplt      0x00000000200018d4        0x0 /workspace/nutekt-digital/Bells/build/obj/_unit.o

.data           0x00000000200018d8        0x0
                0x00000000200018d8                . = ALIGN (0x8)
                0x00000000200018d8                _data_start = .
 *(.data)
 .data          0x00000000200018d8        0x0 /workspace/nutekt-digital/Bells/build/obj/_unit.o
 .data          0x00000000200018d8        0x0 /workspace/nutekt-digital/Bells/build/obj/Bells.o
 .data          0x00000000200018d8        0x0 /usr/lib/gcc/arm-none-eabi/9.2.1/../../../arm-none-eabi/lib/thumb/v7e-m+fp/hard/libm.a(lib_a-sf_cos.o)
 .data          0x00000000200018d8        0x0 /usr/lib/gcc/arm-none-eabi/9.2.1/../../../arm-none-eabi/lib/thumb/v7e-m+fp/hard/libm.a(lib_a-sf_tan.o)
 .data          0x00000000200018d8        0x0 /usr/lib/gcc/arm-none-eabi/9.2.1/../../../arm-none-eabi/lib/thumb/v7e-m+fp/hard/libm.a(lib_a-ef_rem_pio2.o)
 .data          0x00000000200018d8        0x0 /usr/lib/gcc/arm-none-eabi/9.2.1/../../../arm-none-eabi/lib/thumb/v7e-m+fp/hard/libm.a(lib_a-kf_cos.o)
 .data          0x00000000200018d8        0x0 /usr/lib/gcc/arm-none-eabi/9.2.1/../../../arm-none-eabi/lib/thumb/v7e-m+fp/hard/libm.a(lib_a-kf_rem_pio2.o)
 .data          0x00000000200018d8        0x0 /usr/lib/gcc/arm-none-eabi/9.2.1/../../../arm-none-eabi/lib/thumb/v7e-m+fp/hard/libm.a(lib_a-kf_sin.o)
 .data          0x00000000200018d8        0x0 /usr/lib/gcc/arm-none-eabi/9.2.1/../../../arm-none-eabi/lib/thumb/v7e-m+fp/hard/libm.a(lib_a-kf_tan.o)
 .data          0x00000000200018d8        0x0 /usr/lib/gcc/arm-none-eabi/9.2.1/../../../arm-none-eabi/lib/thumb/v7e-m+fp/hard/libm.a(lib_a-sf_fabs.o)
 .data          0x00000000200018d8        0x0 /usr/lib/gcc/arm-none-eabi/9.2.1/../../../arm-none-eabi/lib/thumb/v7e-m+fp/hard/libm.a(lib_a-sf_floor.o)
 .data          0x00000000200018d8        0x0 /usr/lib/gcc/arm-none-eabi/9.2.1/../../../arm-none-eabi/lib/thumb/v7e-m+fp/hard/libm.a(lib_a-sf_scalbn.o)
 *(.data.*)
                0x00000000200018d8                . = ALIGN (0x8)
                0x00000000200018d8                _data_end = .

.igot.plt       0x00000000200018d8        0x0
 .igot.plt      0x00000000200018d8        0x0 /workspace/nutekt-digital/Bells/build/obj/_unit.o

.bss            0x00000000200018d8       0x84
                0x00000000200018d8                . = ALIGN (0x4)
                0x00000000200018d8                _bss_start = .
 *(.bss)
 .bss           0x00000000200018d8        0x0 /workspace/nutekt-digital/Bells/build/obj/_unit.o
 .bss           0x00000000200018d8       0x84 /workspace/nutekt-digital/Bells/build/obj/Bells.o
                0x0000000020001908                highpass1
                0x0000000020001924                highpass2
                0x0000000020001940                highpass3
 .bss           0x000000002000195c        0x0 /usr/lib/gcc/arm-none-eabi/9.2.1/../../../arm-none-eabi/lib/thumb/v7e-m+fp/hard/libm.a(lib_a-sf_cos.o)
 .bss           0x000000002000195c        0x0 /usr/lib/gcc/arm-none-eabi/9.2.1/../../../arm-none-eabi/lib/thumb/v7e-m+fp/hard/libm.a(lib_a-sf_tan.o)
 .bss           0x000000002000195c        0x0 /usr/lib/gcc/arm-none-eabi/9.2.1/../../../arm-none-eabi/lib/thumb/v7e-m+fp/hard/libm.a(lib_a-ef_rem_pio2.o)
 .bss           0x000000002000195c        0x0 /usr/lib/gcc/arm-none-eabi/9.2.1/../../../arm-none-eabi/lib/thumb/v7e-m+fp/hard/libm.a(lib_a-kf_cos.o)
 .bss           0x000000002000195c        0x0 /usr/lib/gcc/arm-none-eabi/9.2.1/../../../arm-none-eabi/lib/thumb/v7e-m+fp/hard/libm.a(lib_a-kf_rem_pio2.o)
 .bss           0x000000002000195c        0x0 /usr/lib/gcc/arm-none-eabi/9.2.1/../../../arm-none-eabi/lib/thumb/v7e-m+fp/hard/libm.a(lib_a-kf_sin.o)
 .bss           0x000000002000195c        0x0 /usr/lib/gcc/arm-none-eabi/9.2.1/../../../arm-none-eabi/lib/thumb/v7e-m+fp/hard/libm.a(lib_a-kf_tan.o)
 .bss           0x000000002000195c        0x0 /usr/lib/gcc/arm-none-eabi/9.2.1/../../../arm-none-eabi/lib/thumb/v7e-m+fp/hard/libm.a(lib_a-sf_fabs.o)
 .bss           0x000000002000195c        0x0 /usr/lib/gcc/arm-none-eabi/9.2.1/../../../arm-none-eabi/lib/thumb/v7e-m+fp/hard/libm.a(lib_a-sf_floor.o)
 .bss           0x000000002000195c        0x0 /usr/lib/gcc/arm-none-eabi/9.2.1/../../../arm-none-eabi/lib/thumb/v7e-m+fp/hard/libm.a(lib_a-sf_scalbn.o)
 *(.bss.*)
 *(COMMON)
                0x000000002000195c                . = ALIGN (0x4)
                0x000000002000195c                _bss_end = .

.ARM.extab      0x000000002000195c        0x0
                0x000000002000195c                . = ALIGN (0x4)
                0x000000002000195c                __extab_start = .
 *(.ARM.extab* .gnu.linkonce.armextab.*)
                0x000000002000195c                . = ALIGN (0x4)
                0x000000002000195c                __extab_end = .

.ARM.exidx      0x000000002000195c        0x0
                0x000000002000195c                __exidx_start = .
 *(.ARM.exidx* .gnu.linkonce.armexidx.*)
                0x000000002000195c                __exidx_end = .

.eh_frame_hdr   0x000000002000195c        0x0
                0x000000002000195c                . = ALIGN (0x4)
                0x000000002000195c                _eh_frame_hdr_start = .
 *(.eh_frame_hdr)
                0x000000002000195c                . = ALIGN (0x4)
                0x000000002000195c                _eh_frame_hdr_end = .

.eh_frame       0x000000002000195c        0x0
                0x000000002000195c                . = ALIGN (0x4)
                0x000000002000195c                _eh_frame_start = .
 *(.eh_frame)
                0x000000002000195c                . = ALIGN (0x4)
                0x000000002000195c                _eh_frame_end = .
LOAD /workspace/nutekt-digital/Bells/ld/osc_api.syms
                0x000000000800f000                k_osc_api_version = 0x800f000
                0x000000000800f004                k_osc_api_platform = 0x800f004
                0x000000000800f100                midi_to_hz_lut_f = 0x800f100
                0x000000000800f360                sqrtm2log_lut_f = 0x800f360
                0x000000000800f764                tanpi_lut_f = 0x800f764
                0x000000000800fb68                log_lut_f = 0x800fb68
                0x000000000800ff6c                bitres_lut_f = 0x800ff6c
                0x0000000008010170                wt_par_lut_f = 0x8010170
                0x0000000008010f8c                wt_par_notes = 0x8010f8c
                0x0000000008010f94                wt_sqr_lut_f = 0x8010f94
                0x0000000008011db0                wt_sqr_notes = 0x8011db0
                0x0000000008011db8                wt_saw_lut_f = 0x8011db8
                0x0000000008012bd4                wt_saw_notes = 0x8012bd4
                0x0000000008012bdc                wt_sine_lut_f = 0x8012bdc
                0x0000000008012de0                schetzen_lut_f = 0x8012de0
                0x0000000008012fe4                cubicsat_lut_f = 0x8012fe4
                0x00000000080131e8                wavesA = 0x80131e8
                0x000000000801546c                wavesB = 0x801546c
                0x00000000080174ec                wavesC = 0x80174ec
                0x000000000801915c                wavesD = 0x801915c
                0x000000000801abc4                wavesE = 0x801abc4
                0x000000000801ca3c                wavesF = 0x801ca3c
                0x000000000801eabc                _osc_mcu_hash = 0x801eabc
                0x000000000801eac8                _osc_bl_saw_idx = 0x801eac8
                0x000000000801ebb0                _osc_bl_sqr_idx = 0x801ebb0
                0x000000000801ec98                _osc_bl_par_idx = 0x801ec98
                0x000000000801ed80                _osc_rand = 0x801ed80
                0x000000000801edb8                _osc_white = 0x801edb8
LOAD /usr/lib/gcc/arm-none-eabi/9.2.1/../../../arm-none-eabi/lib/thumb/v7e-m+fp/hard/libm.a
START GROUP
LOAD /usr/lib/gcc/arm-none-eabi/9.2.1/thumb/v7e-m+fp/hard/libgcc.a
LOAD /usr/lib/gcc/arm-none-eabi/9.2.1/../../../arm-none-eabi/lib/thumb/v7e-m+fp/hard/libg.a
LOAD /usr/lib/gcc/arm-none-eabi/9.2.1/../../../arm-none-eabi/lib/thumb/v7e-m+fp/hard/libc.a
END GROUP
OUTPUT(/workspace/nutekt-digital/Bells/build/Bells.elf elf32-littlearm)
LOAD linker stubs

.debug_info     0x0000000000000000     0xbafe
 .debug_info    0x0000000000000000      0xfd2 /workspace/nutekt-digital/Bells/build/obj/_unit.o
 .debug_info    0x0000000000000fd2     0x3c03 /workspace/nutekt-digital/Bells/build/obj/Bells.o
 .debug_info    0x0000000000004bd5      0xaac /usr/lib/gcc/arm-none-eabi/9.2.1/../../../arm-none-eabi/lib/thumb/v7e-m+fp/hard/libm.a(lib_a-sf_cos.o)
 .debug_info    0x0000000000005681      0xa7c /usr/lib/gcc/arm-none-eabi/9.2.1/../../../arm-none-eabi/lib/thumb/v7e-m+fp/hard/libm.a(lib_a-sf_tan.o)
 .debug_info    0x00000000000060fd      0xcbb /usr/lib/gcc/arm-none-eabi/9.2.1/../../../arm-none-eabi/lib/thumb/v7e-m+fp/hard/libm.a(lib_a-ef_rem_pio2.o)
 .debug_info    0x0000000000006db8      0xaef /usr/lib/gcc/arm-none-eabi/9.2.1/../../../arm-none-eabi/lib/thumb/v7e-m+fp/hard/libm.a(lib_a-kf_cos.o)
 .debug_info    0x00000000000078a7      0xcb6 /usr/lib/gcc/arm-none-eabi/9.2.1/../../../arm-none-eabi/lib/thumb/v7e-m+fp/hard/libm.a(lib_a-kf_rem_pio2.o)
 .debug_info    0x000000000000855d      0xab4 /usr/lib/gcc/arm-none-eabi/9.2.1/../../../arm-none-eabi/lib/thumb/v7e-m+fp/hard/libm.a(lib_a-kf_sin.o)
 .debug_info    0x0000000000009011      0xbe5 /usr/lib/gcc/arm-none-eabi/9.2.1/../../../arm-none-eabi/lib/thumb/v7e-m+fp/hard/libm.a(lib_a-kf_tan.o)
 .debug_info    0x0000000000009bf6      0xa00 /usr/lib/gcc/arm-none-eabi/9.2.1/../../../arm-none-eabi/lib/thumb/v7e-m+fp/hard/libm.a(lib_a-sf_fabs.o)
 .debug_info    0x000000000000a5f6      0xa4a /usr/lib/gcc/arm-none-eabi/9.2.1/../../../arm-none-eabi/lib/thumb/v7e-m+fp/hard/libm.a(lib_a-sf_floor.o)
 .debug_info    0x000000000000b040      0xabe /usr/lib/gcc/arm-none-eabi/9.2.1/../../../arm-none-eabi/lib/thumb/v7e-m+fp/hard/libm.a(lib_a-sf_scalbn.o)

.debug_abbrev   0x0000000000000000     0x2207
 .debug_abbrev  0x0000000000000000      0x301 /workspace/nutekt-digital/Bells/build/obj/_unit.o
 .debug_abbrev  0x0000000000000301      0x66c /workspace/nutekt-digital/Bells/build/obj/Bells.o
 .debug_abbrev  0x000000000000096d      0x285 /usr/lib/gcc/arm-none-eabi/9.2.1/../../../arm-none-eabi/lib/thumb/v7e-m+fp/hard/libm.a(lib_a-sf_cos.o)
 .debug_abbrev  0x0000000000000bf2      0x290 /usr/lib/gcc/arm-none-eabi/9.2.1/../../../arm-none-eabi/lib/thumb/v7e-m+fp/hard/libm.a(lib_a-sf_tan.o)
 .debug_abbrev  0x0000000000000e82      0x2bd /usr/lib/gcc/arm-none-eabi/9.2.1/../../../arm-none-eabi/lib/thumb/v7e-m+fp/hard/libm.a(lib_a-ef_rem_pio2.o)
 .debug_abbrev  0x000000000000113f      0x246 /usr/lib/gcc/arm-none-eabi/9.2.1/../../../arm-none-eabi/lib/thumb/v7e-m+fp/hard/libm.a(lib_a-kf_cos.o)
 .debug_abbrev  0x0000000000001385      0x2c1 /usr/lib/gcc/arm-none-eabi/9.2.1/../../../arm-none-eabi/lib/thumb/v7e-m+fp/hard/libm.a(lib_a-kf_rem_pio2.o)
 .debug_abbrev  0x0000000000001646      0x25d /usr/lib/gcc/arm-none-eabi/9.2.1/../../../arm-none-eabi/lib/thumb/v7e-m+fp/hard/libm.a(lib_a-kf_sin.o)
 .debug_abbrev  0x00000000000018a3      0x280 /usr/lib/gcc/arm-none-eabi/9.2.1/../../../arm-none-eabi/lib/thumb/v7e-m+fp/hard/libm.a(lib_a-kf_tan.o)
 .debug_abbrev  0x0000000000001b23      0x235 /usr/lib/gcc/arm-none-eabi/9.2.1/../../../arm-none-eabi/lib/thumb/v7e-m+fp/hard/libm.a(lib_a-sf_fabs.o)
 .debug_abbrev  0x0000000000001d58      0x251 /usr/lib/gcc/arm-none-eabi/9.2.1/../../../arm-none-eabi/lib/thumb/v7e-m+fp/hard/libm.a(lib_a-sf_floor.o)
 .debug_abbrev  0x0000000000001fa9      0x25e /usr/lib/gcc/arm-none-eabi/9.2.1/../../../arm-none-eabi/lib/thumb/v7e-m+fp/hard/libm.a(lib_a-sf_scalbn.o)

.debug_loc      0x0000000000000000     0x2de8
 .debug_loc     0x0000000000000000      0x129 /workspace/nutekt-digital/Bells/build/obj/_unit.o
 .debug_loc     0x0000000000000129      0xba4 /workspace/nutekt-digital/Bells/build/obj/Bells.o
 .debug_loc     0x0000000000000ccd       0xd2 /usr/lib/gcc/arm-none-eabi/9.2.1/../../../arm-none-eabi/lib/thumb/v7e-m+fp/hard/libm.a(lib_a-sf_cos.o)
 .debug_loc     0x0000000000000d9f       0xc5 /usr/lib/gcc/arm-none-eabi/9.2.1/../../../arm-none-eabi/lib/thumb/v7e-m+fp/hard/libm.a(lib_a-sf_tan.o)
 .debug_loc     0x0000000000000e64      0x655 /usr/lib/gcc/arm-none-eabi/9.2.1/../../../arm-none-eabi/lib/thumb/v7e-m+fp/hard/libm.a(lib_a-ef_rem_pio2.o)
 .debug_loc     0x00000000000014b9      0x233 /usr/lib/gcc/arm-none-eabi/9.2.1/../../../arm-none-eabi/lib/thumb/v7e-m+fp/hard/libm.a(lib_a-kf_cos.o)
 .debug_loc     0x00000000000016ec      0xb2e /usr/lib/gcc/arm-none-eabi/9.2.1/../../../arm-none-eabi/lib/thumb/v7e-m+fp/hard/libm.a(lib_a-kf_rem_pio2.o)
 .debug_loc     0x000000000000221a      0x12f /usr/lib/gcc/arm-none-eabi/9.2.1/../../../arm-none-eabi/lib/thumb/v7e-m+fp/hard/libm.a(lib_a-kf_sin.o)
 .debug_loc     0x0000000000002349      0x41d /usr/lib/gcc/arm-none-eabi/9.2.1/../../../arm-none-eabi/lib/thumb/v7e-m+fp/hard/libm.a(lib_a-kf_tan.o)
 .debug_loc     0x0000000000002766       0x7c /usr/lib/gcc/arm-none-eabi/9.2.1/../../../arm-none-eabi/lib/thumb/v7e-m+fp/hard/libm.a(lib_a-sf_fabs.o)
 .debug_loc     0x00000000000027e2      0x256 /usr/lib/gcc/arm-none-eabi/9.2.1/../../../arm-none-eabi/lib/thumb/v7e-m+fp/hard/libm.a(lib_a-sf_floor.o)
 .debug_loc     0x0000000000002a38      0x3b0 /usr/lib/gcc/arm-none-eabi/9.2.1/../../../arm-none-eabi/lib/thumb/v7e-m+fp/hard/libm.a(lib_a-sf_scalbn.o)

.debug_aranges  0x0000000000000000      0x188
 .debug_aranges
                0x0000000000000000       0x20 /workspace/nutekt-digital/Bells/build/obj/_unit.o
 .debug_aranges
                0x0000000000000020       0x28 /workspace/nutekt-digital/Bells/build/obj/Bells.o
 .debug_aranges
                0x0000000000000048       0x20 /usr/lib/gcc/arm-none-eabi/9.2.1/../../../arm-none-eabi/lib/thumb/v7e-m+fp/hard/libm.a(lib_a-sf_cos.o)
 .debug_aranges
                0x0000000000000068       0x20 /usr/lib/gcc/arm-none-eabi/9.2.1/../../../arm-none-eabi/lib/thumb/v7e-m+fp/hard/libm.a(lib_a-sf_tan.o)
 .debug_aranges
                0x0000000000000088       0x20 /usr/lib/gcc/arm-none-eabi/9.2.1/../../../arm-none-eabi/lib/thumb/v7e-m+fp/hard/libm.a(lib_a-ef_rem_pio2.o)
 .debug_aranges
                0x00000000000000a8       0x20 /usr/lib/gcc/arm-none-eabi/9.2.1/../../../arm-none-eabi/lib/thumb/v7e-m+fp/hard/libm.a(lib_a-kf_cos.o)
 .debug_aranges
                0x00000000000000c8       0x20 /usr/lib/gcc/arm-none-eabi/9.2.1/../../../arm-none-eabi/lib/thumb/v7e-m+fp/hard/libm.a(lib_a-kf_rem_pio2.o)
 .debug_aranges
                0x00000000000000e8       0x20 /usr/lib/gcc/arm-none-eabi/9.2.1/../../../arm-none-eabi/lib/thumb/v7e-m+fp/hard/libm.a(lib_a-kf_sin.o)
 .debug_aranges
                0x0000000000000108       0x20 /usr/lib/gcc/arm-none-eabi/9.2.1/../../../arm-none-eabi/lib/thumb/v7e-m+fp/hard/libm.a(lib_a-kf_tan.o)
 .debug_aranges
                0x0000000000000128       0x20 /usr/lib/gcc/arm-none-eabi/9.2.1/../../../arm-none-eabi/lib/thumb/v7e-m+fp/hard/libm.a(lib_a-sf_fabs.o)
 .debug_aranges
                0x0000000000000148       0x20 /usr/lib/gcc/arm-none-eabi/9.2.1/../../../arm-none-eabi/lib/thumb/v7e-m+fp/hard/libm.a(lib_a-sf_floor.o)
 .debug_aranges
                0x0000000000000168       0x20 /usr/lib/gcc/arm-none-eabi/9.2.1/../../../arm-none-eabi/lib/thumb/v7e-m+fp/hard/libm.a(lib_a-sf_scalbn.o)

.debug_ranges   0x0000000000000000      0x4e8
 .debug_ranges  0x0000000000000000       0x18 /workspace/nutekt-digital/Bells/build/obj/_unit.o
 .debug_ranges  0x0000000000000018      0x3d8 /workspace/nutekt-digital/Bells/build/obj/Bells.o
 .debug_ranges  0x00000000000003f0       0x18 /usr/lib/gcc/arm-none-eabi/9.2.1/../../../arm-none-eabi/lib/thumb/v7e-m+fp/hard/libm.a(lib_a-sf_cos.o)
 .debug_ranges  0x0000000000000408       0x18 /usr/lib/gcc/arm-none-eabi/9.2.1/../../../arm-none-eabi/lib/thumb/v7e-m+fp/hard/libm.a(lib_a-sf_tan.o)
 .debug_ranges  0x0000000000000420       0x38 /usr/lib/gcc/arm-none-eabi/9.2.1/../../../arm-none-eabi/lib/thumb/v7e-m+fp/hard/libm.a(lib_a-ef_rem_pio2.o)
 .debug_ranges  0x0000000000000458       0x38 /usr/lib/gcc/arm-none-eabi/9.2.1/../../../arm-none-eabi/lib/thumb/v7e-m+fp/hard/libm.a(lib_a-kf_tan.o)
 .debug_ranges  0x0000000000000490       0x10 /usr/lib/gcc/arm-none-eabi/9.2.1/../../../arm-none-eabi/lib/thumb/v7e-m+fp/hard/libm.a(lib_a-sf_fabs.o)
 .debug_ranges  0x00000000000004a0       0x48 /usr/lib/gcc/arm-none-eabi/9.2.1/../../../arm-none-eabi/lib/thumb/v7e-m+fp/hard/libm.a(lib_a-sf_scalbn.o)

.debug_line     0x0000000000000000     0x3492
 .debug_line    0x0000000000000000      0x1da /workspace/nutekt-digital/Bells/build/obj/_unit.o
 .debug_line    0x00000000000001da      0xfb2 /workspace/nutekt-digital/Bells/build/obj/Bells.o
 .debug_line    0x000000000000118c      0x262 /usr/lib/gcc/arm-none-eabi/9.2.1/../../../arm-none-eabi/lib/thumb/v7e-m+fp/hard/libm.a(lib_a-sf_cos.o)
 .debug_line    0x00000000000013ee      0x23e /usr/lib/gcc/arm-none-eabi/9.2.1/../../../arm-none-eabi/lib/thumb/v7e-m+fp/hard/libm.a(lib_a-sf_tan.o)
 .debug_line    0x000000000000162c      0x53b /usr/lib/gcc/arm-none-eabi/9.2.1/../../../arm-none-eabi/lib/thumb/v7e-m+fp/hard/libm.a(lib_a-ef_rem_pio2.o)
 .debug_line    0x0000000000001b67      0x2a9 /usr/lib/gcc/arm-none-eabi/9.2.1/../../../arm-none-eabi/lib/thumb/v7e-m+fp/hard/libm.a(lib_a-kf_cos.o)
 .debug_line    0x0000000000001e10      0x95f /usr/lib/gcc/arm-none-eabi/9.2.1/../../../arm-none-eabi/lib/thumb/v7e-m+fp/hard/libm.a(lib_a-kf_rem_pio2.o)
 .debug_line    0x000000000000276f      0x24d /usr/lib/gcc/arm-none-eabi/9.2.1/../../../arm-none-eabi/lib/thumb/v7e-m+fp/hard/libm.a(lib_a-kf_sin.o)
 .debug_line    0x00000000000029bc      0x392 /usr/lib/gcc/arm-none-eabi/9.2.1/../../../arm-none-eabi/lib/thumb/v7e-m+fp/hard/libm.a(lib_a-kf_tan.o)
 .debug_line    0x0000000000002d4e      0x1e1 /usr/lib/gcc/arm-none-eabi/9.2.1/../../../arm-none-eabi/lib/thumb/v7e-m+fp/hard/libm.a(lib_a-sf_fabs.o)
 .debug_line    0x0000000000002f2f      0x2aa /usr/lib/gcc/arm-none-eabi/9.2.1/../../../arm-none-eabi/lib/thumb/v7e-m+fp/hard/libm.a(lib_a-sf_floor.o)
 .debug_line    0x00000000000031d9      0x2b9 /usr/lib/gcc/arm-none-eabi/9.2.1/../../../arm-none-eabi/lib/thumb/v7e-m+fp/hard/libm.a(lib_a-sf_scalbn.o)

.debug_str      0x0000000000000000     0x1f5a
 .debug_str     0x0000000000000000      0x8a1 /workspace/nutekt-digital/Bells/build/obj/_unit.o
                                        0x93c (size before relaxing)
 .debug_str     0x00000000000008a1     0x10e0 /workspace/nutekt-digital/Bells/build/obj/Bells.o
                                       0x17c1 (size before relaxing)
 .debug_str     0x0000000000001981      0x1c1 /usr/lib/gcc/arm-none-eabi/9.2.1/../../../arm-none-eabi/lib/thumb/v7e-m+fp/hard/libm.a(lib_a-sf_cos.o)
                                        0x64d (size before relaxing)
 .debug_str     0x0000000000001b42       0x40 /usr/lib/gcc/arm-none-eabi/9.2.1/../../../arm-none-eabi/lib/thumb/v7e-m+fp/hard/libm.a(lib_a-sf_tan.o)
                                        0x63f (size before relaxing)
 .debug_str     0x0000000000001b82       0xad /usr/lib/gcc/arm-none-eabi/9.2.1/../../../arm-none-eabi/lib/thumb/v7e-m+fp/hard/libm.a(lib_a-ef_rem_pio2.o)
                                        0x6ad (size before relaxing)
 .debug_str     0x0000000000001c2f       0x32 /usr/lib/gcc/arm-none-eabi/9.2.1/../../../arm-none-eabi/lib/thumb/v7e-m+fp/hard/libm.a(lib_a-kf_cos.o)
                                        0x62b (size before relaxing)
 .debug_str     0x0000000000001c61       0x6d /usr/lib/gcc/arm-none-eabi/9.2.1/../../../arm-none-eabi/lib/thumb/v7e-m+fp/hard/libm.a(lib_a-kf_rem_pio2.o)
                                        0x646 (size before relaxing)
 .debug_str     0x0000000000001cce       0x32 /usr/lib/gcc/arm-none-eabi/9.2.1/../../../arm-none-eabi/lib/thumb/v7e-m+fp/hard/libm.a(lib_a-kf_sin.o)
                                        0x62b (size before relaxing)
 .debug_str     0x0000000000001d00       0x3e /usr/lib/gcc/arm-none-eabi/9.2.1/../../../arm-none-eabi/lib/thumb/v7e-m+fp/hard/libm.a(lib_a-kf_tan.o)
                                        0x63d (size before relaxing)
 .debug_str     0x0000000000001d3e       0x33 /usr/lib/gcc/arm-none-eabi/9.2.1/../../../arm-none-eabi/lib/thumb/v7e-m+fp/hard/libm.a(lib_a-sf_fabs.o)
                                        0x61a (size before relaxing)
 .debug_str     0x0000000000001d71       0xa5 /usr/lib/gcc/arm-none-eabi/9.2.1/../../../arm-none-eabi/lib/thumb/v7e-m+fp/hard/libm.a(lib_a-sf_floor.o)
                                        0x63c (size before relaxing)
 .debug_str     0x0000000000001e16      0x144 /usr/lib/gcc/arm-none-eabi/9.2.1/../../../arm-none-eabi/lib/thumb/v7e-m+fp/hard/libm.a(lib_a-sf_scalbn.o)
                                        0x650 (size before relaxing)

.comment        0x0000000000000000       0xa7
 .comment       0x0000000000000000       0x59 /workspace/nutekt-digital/Bells/build/obj/_unit.o
                                         0x5a (size before relaxing)
 .comment       0x0000000000000059       0x5a /workspace/nutekt-digital/Bells/build/obj/Bells.o
 .comment       0x0000000000000059       0x4e /usr/lib/gcc/arm-none-eabi/9.2.1/../../../arm-none-eabi/lib/thumb/v7e-m+fp/hard/libm.a(lib_a-sf_cos.o)
                                         0x4f (size before relaxing)
 .comment       0x00000000000000a7       0x4f /usr/lib/gcc/arm-none-eabi/9.2.1/../../../arm-none-eabi/lib/thumb/v7e-m+fp/hard/libm.a(lib_a-sf_tan.o)
 .comment       0x00000000000000a7       0x4f /usr/lib/gcc/arm-none-eabi/9.2.1/../../../arm-none-eabi/lib/thumb/v7e-m+fp/hard/libm.a(lib_a-ef_rem_pio2.o)
 .comment       0x00000000000000a7       0x4f /usr/lib/gcc/arm-none-eabi/9.2.1/../../../arm-none-eabi/lib/thumb/v7e-m+fp/hard/libm.a(lib_a-kf_cos.o)
 .comment       0x00000000000000a7       0x4f /usr/lib/gcc/arm-none-eabi/9.2.1/../../../arm-none-eabi/lib/thumb/v7e-m+fp/hard/libm.a(lib_a-kf_rem_pio2.o)
 .comment       0x00000000000000a7       0x4f /usr/lib/gcc/arm-none-eabi/9.2.1/../../../arm-none-eabi/lib/thumb/v7e-m+fp/hard/libm.a(lib_a-kf_sin.o)
 .comment       0x00000000000000a7       0x4f /usr/lib/gcc/arm-none-eabi/9.2.1/../../../arm-none-eabi/lib/thumb/v7e-m+fp/hard/libm.a(lib_a-kf_tan.o)
 .comment       0x00000000000000a7       0x4f /usr/lib/gcc/arm-none-eabi/9.2.1/../../../arm-none-eabi/lib/thumb/v7e-m+fp/hard/libm.a(lib_a-sf_fabs.o)
 .comment       0x00000000000000a7       0x4f /usr/lib/gcc/arm-none-eabi/9.2.1/../../../arm-none-eabi/lib/thumb/v7e-m+fp/hard/libm.a(lib_a-sf_floor.o)
 .comment       0x00000000000000a7       0x4f /usr/lib/gcc/arm-none-eabi/9.2.1/../../../arm-none-eabi/lib/thumb/v7e-m+fp/hard/libm.a(lib_a-sf_scalbn.o)

.ARM.attributes
                0x0000000000000000       0x34
 .ARM.attributes
                0x0000000000000000       0x34 /workspace/nutekt-digital/Bells/build/obj/_unit.o
 .ARM.attributes
                0x0000000000000034       0x34 /workspace/nutekt-digital/Bells/build/obj/Bells.o
 .ARM.attributes
                0x0000000000000068       0x34 /usr/lib/gcc/arm-none-eabi/9.2.1/../../../arm-none-eabi/lib/thumb/v7e-m+fp/hard/libm.a(lib_a-sf_cos.o)
 .ARM.attributes
                0x000000000000009c       0x34 /usr/lib/gcc/arm-none-eabi/9.2.1/../../../arm-none-eabi/lib/thumb/v7e-m+fp/hard/libm.a(lib_a-sf_tan.o)
 .ARM.attributes
                0x00000000000000d0       0x34 /usr/lib/gcc/arm-none-eabi/9.2.1/../../../arm-none-eabi/lib/thumb/v7e-m+fp/hard/libm.a(lib_a-ef_rem_pio2.o)
 .ARM.attributes
                0x0000000000000104       0x34 /usr/lib/gcc/arm-none-eabi/9.2.1/../../../arm-none-eabi/lib/thumb/v7e-m+fp/hard/libm.a(lib_a-kf_cos.o)
 .ARM.attributes
                0x0000000000000138       0x34 /usr/lib/gcc/arm-none-eabi/9.2.1/../../../arm-none-eabi/lib/thumb/v7e-m+fp/hard/libm.a(lib_a-kf_rem_pio2.o)
 .ARM.attributes
                0x000000000000016c       0x34 /usr/lib/gcc/arm-none-eabi/9.2.1/../../../arm-none-eabi/lib/thumb/v7e-m+fp/hard/libm.a(lib_a-kf_sin.o)
 .ARM.attributes
                0x00000000000001a0       0x34 /usr/lib/gcc/arm-none-eabi/9.2.1/../../../arm-none-eabi/lib/thumb/v7e-m+fp/hard/libm.a(lib_a-kf_tan.o)
 .ARM.attributes
                0x00000000000001d4       0x34 /usr/lib/gcc/arm-none-eabi/9.2.1/../../../arm-none-eabi/lib/thumb/v7e-m+fp/hard/libm.a(lib_a-sf_fabs.o)
 .ARM.attributes
                0x0000000000000208       0x34 /usr/lib/gcc/arm-none-eabi/9.2.1/../../../arm-none-eabi/lib/thumb/v7e-m+fp/hard/libm.a(lib_a-sf_floor.o)
 .ARM.attributes
                0x000000000000023c       0x34 /usr/lib/gcc/arm-none-eabi/9.2.1/../../../arm-none-eabi/lib/thumb/v7e-m+fp/hard/libm.a(lib_a-sf_scalbn.o)

.debug_frame    0x0000000000000000      0x39c
 .debug_frame   0x0000000000000000       0xa4 /workspace/nutekt-digital/Bells/build/obj/_unit.o
 .debug_frame   0x00000000000000a4       0xe0 /workspace/nutekt-digital/Bells/build/obj/Bells.o
 .debug_frame   0x0000000000000184       0x34 /usr/lib/gcc/arm-none-eabi/9.2.1/../../../arm-none-eabi/lib/thumb/v7e-m+fp/hard/libm.a(lib_a-sf_cos.o)
 .debug_frame   0x00000000000001b8       0x38 /usr/lib/gcc/arm-none-eabi/9.2.1/../../../arm-none-eabi/lib/thumb/v7e-m+fp/hard/libm.a(lib_a-sf_tan.o)
 .debug_frame   0x00000000000001f0       0x44 /usr/lib/gcc/arm-none-eabi/9.2.1/../../../arm-none-eabi/lib/thumb/v7e-m+fp/hard/libm.a(lib_a-ef_rem_pio2.o)
 .debug_frame   0x0000000000000234       0x20 /usr/lib/gcc/arm-none-eabi/9.2.1/../../../arm-none-eabi/lib/thumb/v7e-m+fp/hard/libm.a(lib_a-kf_cos.o)
 .debug_frame   0x0000000000000254       0x5c /usr/lib/gcc/arm-none-eabi/9.2.1/../../../arm-none-eabi/lib/thumb/v7e-m+fp/hard/libm.a(lib_a-kf_rem_pio2.o)
 .debug_frame   0x00000000000002b0       0x20 /usr/lib/gcc/arm-none-eabi/9.2.1/../../../arm-none-eabi/lib/thumb/v7e-m+fp/hard/libm.a(lib_a-kf_sin.o)
 .debug_frame   0x00000000000002d0       0x50 /usr/lib/gcc/arm-none-eabi/9.2.1/../../../arm-none-eabi/lib/thumb/v7e-m+fp/hard/libm.a(lib_a-kf_tan.o)
 .debug_frame   0x0000000000000320       0x20 /usr/lib/gcc/arm-none-eabi/9.2.1/../../../arm-none-eabi/lib/thumb/v7e-m+fp/hard/libm.a(lib_a-sf_fabs.o)
 .debug_frame   0x0000000000000340       0x20 /usr/lib/gcc/arm-none-eabi/9.2.1/../../../arm-none-eabi/lib/thumb/v7e-m+fp/hard/libm.a(lib_a-sf_floor.o)
 .debug_frame   0x0000000000000360       0x3c /usr/lib/gcc/arm-none-eabi/9.2.1/../../../arm-none-eabi/lib/thumb/v7e-m+fp/hard/libm.a(lib_a-sf_scalbn.o)

Cross Reference Table

Symbol                                            File
__ieee754_rem_pio2f                               /usr/lib/gcc/arm-none-eabi/9.2.1/../../../arm-none-eabi/lib/thumb/v7e-m+fp/hard/libm.a(lib_a-ef_rem_pio2.o)
                                                  /usr/lib/gcc/arm-none-eabi/9.2.1/../../../arm-none-eabi/lib/thumb/v7e-m+fp/hard/libm.a(lib_a-sf_tan.o)
                                                  /usr/lib/gcc/arm-none-eabi/9.2.1/../../../arm-none-eabi/lib/thumb/v7e-m+fp/hard/libm.a(lib_a-sf_cos.o)
__init_array_end                                  /workspace/nutekt-digital/Bells/build/obj/_unit.o
__init_array_start                                /workspace/nutekt-digital/Bells/build/obj/_unit.o
__kernel_cosf                                     /usr/lib/gcc/arm-none-eabi/9.2.1/../../../arm-none-eabi/lib/thumb/v7e-m+fp/hard/libm.a(lib_a-kf_cos.o)
                                                  /usr/lib/gcc/arm-none-eabi/9.2.1/../../../arm-none-eabi/lib/thumb/v7e-m+fp/hard/libm.a(lib_a-sf_cos.o)
__kernel_rem_pio2f                                /usr/lib/gcc/arm-none-eabi/9.2.1/../../../arm-none-eabi/lib/thumb/v7e-m+fp/hard/libm.a(lib_a-kf_rem_pio2.o)
                                                  /usr/lib/gcc/arm-none-eabi/9.2.1/../../../arm-none-eabi/lib/thumb/v7e-m+fp/hard/libm.a(lib_a-ef_rem_pio2.o)
__kernel_sinf                                     /usr/lib/gcc/arm-none-eabi/9.2.1/../../../arm-none-eabi/lib/thumb/v7e-m+fp/hard/libm.a(lib_a-kf_sin.o)
                                                  /usr/lib/gcc/arm-none-eabi/9.2.1/../../../arm-none-eabi/lib/thumb/v7e-m+fp/hard/libm.a(lib_a-sf_cos.o)
__kernel_tanf                                     /usr/lib/gcc/arm-none-eabi/9.2.1/../../../arm-none-eabi/lib/thumb/v7e-m+fp/hard/libm.a(lib_a-kf_tan.o)
                                                  /usr/lib/gcc/arm-none-eabi/9.2.1/../../../arm-none-eabi/lib/thumb/v7e-m+fp/hard/libm.a(lib_a-sf_tan.o)
_bss_end                                          /workspace/nutekt-digital/Bells/build/obj/_unit.o
_bss_start                                        /workspace/nutekt-digital/Bells/build/obj/_unit.o
_entry                                            /workspace/nutekt-digital/Bells/build/obj/_unit.o
_hook_cycle                                       /workspace/nutekt-digital/Bells/build/obj/Bells.o
                                                  /workspace/nutekt-digital/Bells/build/obj/_unit.o
_hook_init                                        /workspace/nutekt-digital/Bells/build/obj/Bells.o
                                                  /workspace/nutekt-digital/Bells/build/obj/_unit.o
_hook_mute                                        /workspace/nutekt-digital/Bells/build/obj/_unit.o
_hook_off                                         /workspace/nutekt-digital/Bells/build/obj/Bells.o
                                                  /workspace/nutekt-digital/Bells/build/obj/_unit.o
_hook_on                                          /workspace/nutekt-digital/Bells/build/obj/Bells.o
                                                  /workspace/nutekt-digital/Bells/build/obj/_unit.o
_hook_param                                       /workspace/nutekt-digital/Bells/build/obj/Bells.o
                                                  /workspace/nutekt-digital/Bells/build/obj/_unit.o
_hook_value                                       /workspace/nutekt-digital/Bells/build/obj/_unit.o
cosf                                              /usr/lib/gcc/arm-none-eabi/9.2.1/../../../arm-none-eabi/lib/thumb/v7e-m+fp/hard/libm.a(lib_a-sf_cos.o)
                                                  /workspace/nutekt-digital/Bells/build/obj/Bells.o
fabsf                                             /usr/lib/gcc/arm-none-eabi/9.2.1/../../../arm-none-eabi/lib/thumb/v7e-m+fp/hard/libm.a(lib_a-sf_fabs.o)
                                                  /usr/lib/gcc/arm-none-eabi/9.2.1/../../../arm-none-eabi/lib/thumb/v7e-m+fp/hard/libm.a(lib_a-kf_tan.o)
                                                  /usr/lib/gcc/arm-none-eabi/9.2.1/../../../arm-none-eabi/lib/thumb/v7e-m+fp/hard/libm.a(lib_a-ef_rem_pio2.o)
floorf                                            /usr/lib/gcc/arm-none-eabi/9.2.1/../../../arm-none-eabi/lib/thumb/v7e-m+fp/hard/libm.a(lib_a-sf_floor.o)
                                                  /usr/lib/gcc/arm-none-eabi/9.2.1/../../../arm-none-eabi/lib/thumb/v7e-m+fp/hard/libm.a(lib_a-kf_rem_pio2.o)
highpass1                                         /workspace/nutekt-digital/Bells/build/obj/Bells.o
highpass2                                         /workspace/nutekt-digital/Bells/build/obj/Bells.o
highpass3                                         /workspace/nutekt-digital/Bells/build/obj/Bells.o
midi_to_hz_lut_f                                  /workspace/nutekt-digital/Bells/build/obj/Bells.o
scalbnf                                           /usr/lib/gcc/arm-none-eabi/9.2.1/../../../arm-none-eabi/lib/thumb/v7e-m+fp/hard/libm.a(lib_a-sf_scalbn.o)
                                                  /usr/lib/gcc/arm-none-eabi/9.2.1/../../../arm-none-eabi/lib/thumb/v7e-m+fp/hard/libm.a(lib_a-kf_rem_pio2.o)
tanf                                              /usr/lib/gcc/arm-none-eabi/9.2.1/../../../arm-none-eabi/lib/thumb/v7e-m+fp/hard/libm.a(lib_a-sf_tan.o)
                                                  /workspace/nutekt-digital/Bells/build/obj/Bells.o
wt_sine_lut_f                                     /workspace/nutekt-digital/Bells/build/obj/Bells.o
